// Jest Snapshot v1, https://goo.gl/fbAQLP

exports[`should render App component 1`] = `
<div
  className="m-b-l"
>
  <Connect(Component) />
  <Connect(ExpenseListFilter) />
  <Connect(Component) />
</div>
`;
