// Jest Snapshot v1, https://goo.gl/fbAQLP

exports[`should render ExpenseList with empty array expenses prop 1`] = `
<div>
  <p>
    No expenses
  </p>
</div>
`;

exports[`should render ExpenseList with expenses prop 1`] = `
<div>
  <ExpenseListItem
    amount={1000}
    createdAt={0}
    description="gum bills"
    id="1"
    key="1"
    note=""
  />
  <ExpenseListItem
    amount={100}
    createdAt={-345600000}
    description="rent"
    id="2"
    key="2"
    note=""
  />
  <ExpenseListItem
    amount={4550}
    createdAt={345600000}
    description="fees"
    id="3"
    key="3"
    note=""
  />
</div>
`;
