// Jest Snapshot v1, https://goo.gl/fbAQLP

exports[`should render ExpenseForm correctly 1`] = `
<div>
  <form
    action=""
    onSubmit={[Function]}
  >
    <input
      autoFocus={true}
      onChange={[Function]}
      placeholder="Description"
      type="text"
      value=""
    />
    <input
      onChange={[Function]}
      placeholder="Amount"
      type="text"
      value=""
    />
    <withStyles(SingleDatePicker)
      anchorDirection="left"
      customCloseIcon={null}
      customInputIcon={null}
      date={"1970-01-01T00:00:00.000Z"}
      daySize={39}
      disabled={false}
      displayFormat={[Function]}
      enableOutsideDays={false}
      firstDayOfWeek={null}
      focused={false}
      hideKeyboardShortcutsPanel={false}
      horizontalMargin={0}
      id="date"
      initialVisibleMonth={null}
      inputIconPosition="before"
      isDayBlocked={[Function]}
      isDayHighlighted={[Function]}
      isOutsideRange={[Function]}
      isRTL={false}
      keepOpenOnDateSelect={false}
      monthFormat="MMMM YYYY"
      navNext={null}
      navPrev={null}
      numberOfMonths={1}
      onClose={[Function]}
      onDateChange={[Function]}
      onFocusChange={[Function]}
      onNextMonthClick={[Function]}
      onPrevMonthClick={[Function]}
      openDirection="down"
      orientation="horizontal"
      phrases={
        Object {
          "calendarLabel": "Calendar",
          "chooseAvailableDate": [Function],
          "clearDate": "Clear Date",
          "closeDatePicker": "Close",
          "dateIsUnavailable": [Function],
          "enterKey": "Enter key",
          "escape": "Escape key",
          "hideKeyboardShortcutsPanel": "Close the shortcuts panel",
          "homeEnd": "Home and end keys",
          "jumpToNextMonth": "Move forward to switch to the next month",
          "jumpToPrevMonth": "Move backward to switch to the previous month",
          "keyboardNavigationInstructions": "Press the down arrow key to interact with the calendar and
          select a date. Press the question mark key to get the keyboard shortcuts for changing dates.",
          "keyboardShortcuts": "Keyboard Shortcuts",
          "leftArrowRightArrow": "Right and left arrow keys",
          "moveFocusByOneDay": "Move backward (left) and forward (right) by one day",
          "moveFocusByOneMonth": "Switch months",
          "moveFocusByOneWeek": "Move backward (up) and forward (down) by one week",
          "moveFocustoStartAndEndOfWeek": "Go to the first or last day of a week",
          "openThisPanel": "Open this panel",
          "pageUpPageDown": "page up and page down keys",
          "questionMark": "Question mark",
          "returnFocusToInput": "Return to the date input field",
          "selectFocusedDate": "Select the date in focus",
          "showKeyboardShortcutsPanel": "Open the keyboard shortcuts panel",
          "upArrowDownArrow": "up and down arrow keys",
        }
      }
      placeholder="Date"
      readOnly={false}
      renderCalendarInfo={null}
      renderDay={null}
      renderMonth={null}
      reopenPickerOnClearDate={false}
      required={false}
      screenReaderInputMessage=""
      showClearDate={false}
      showDefaultInputIcon={false}
      verticalHeight={null}
      weekDayFormat="dd"
      withFullScreenPortal={false}
      withPortal={false}
    />
    <textarea
      onChange={[Function]}
      placeholder="Add a note for your expense (optional)"
      value=""
    />
    <button
      type="Submit"
    >
      Add Expense
    </button>
  </form>
</div>
`;

exports[`should render ExpenseForm with expense data 1`] = `
<div>
  <form
    action=""
    onSubmit={[Function]}
  >
    <input
      autoFocus={true}
      onChange={[Function]}
      placeholder="Description"
      type="text"
      value="gum bills"
    />
    <input
      onChange={[Function]}
      placeholder="Amount"
      type="text"
      value={10}
    />
    <withStyles(SingleDatePicker)
      anchorDirection="left"
      customCloseIcon={null}
      customInputIcon={null}
      date={"1970-01-01T00:00:00.000Z"}
      daySize={39}
      disabled={false}
      displayFormat={[Function]}
      enableOutsideDays={false}
      firstDayOfWeek={null}
      focused={false}
      hideKeyboardShortcutsPanel={false}
      horizontalMargin={0}
      id="date"
      initialVisibleMonth={null}
      inputIconPosition="before"
      isDayBlocked={[Function]}
      isDayHighlighted={[Function]}
      isOutsideRange={[Function]}
      isRTL={false}
      keepOpenOnDateSelect={false}
      monthFormat="MMMM YYYY"
      navNext={null}
      navPrev={null}
      numberOfMonths={1}
      onClose={[Function]}
      onDateChange={[Function]}
      onFocusChange={[Function]}
      onNextMonthClick={[Function]}
      onPrevMonthClick={[Function]}
      openDirection="down"
      orientation="horizontal"
      phrases={
        Object {
          "calendarLabel": "Calendar",
          "chooseAvailableDate": [Function],
          "clearDate": "Clear Date",
          "closeDatePicker": "Close",
          "dateIsUnavailable": [Function],
          "enterKey": "Enter key",
          "escape": "Escape key",
          "hideKeyboardShortcutsPanel": "Close the shortcuts panel",
          "homeEnd": "Home and end keys",
          "jumpToNextMonth": "Move forward to switch to the next month",
          "jumpToPrevMonth": "Move backward to switch to the previous month",
          "keyboardNavigationInstructions": "Press the down arrow key to interact with the calendar and
          select a date. Press the question mark key to get the keyboard shortcuts for changing dates.",
          "keyboardShortcuts": "Keyboard Shortcuts",
          "leftArrowRightArrow": "Right and left arrow keys",
          "moveFocusByOneDay": "Move backward (left) and forward (right) by one day",
          "moveFocusByOneMonth": "Switch months",
          "moveFocusByOneWeek": "Move backward (up) and forward (down) by one week",
          "moveFocustoStartAndEndOfWeek": "Go to the first or last day of a week",
          "openThisPanel": "Open this panel",
          "pageUpPageDown": "page up and page down keys",
          "questionMark": "Question mark",
          "returnFocusToInput": "Return to the date input field",
          "selectFocusedDate": "Select the date in focus",
          "showKeyboardShortcutsPanel": "Open the keyboard shortcuts panel",
          "upArrowDownArrow": "up and down arrow keys",
        }
      }
      placeholder="Date"
      readOnly={false}
      renderCalendarInfo={null}
      renderDay={null}
      renderMonth={null}
      reopenPickerOnClearDate={false}
      required={false}
      screenReaderInputMessage=""
      showClearDate={false}
      showDefaultInputIcon={false}
      verticalHeight={null}
      weekDayFormat="dd"
      withFullScreenPortal={false}
      withPortal={false}
    />
    <textarea
      onChange={[Function]}
      placeholder="Add a note for your expense (optional)"
      value=""
    />
    <button
      type="Submit"
    >
      Add Expense
    </button>
  </form>
</div>
`;

exports[`should render error for invalid form submission 1`] = `
<div>
  <form
    action=""
    onSubmit={[Function]}
  >
    <input
      autoFocus={true}
      onChange={[Function]}
      placeholder="Description"
      type="text"
      value=""
    />
    <input
      onChange={[Function]}
      placeholder="Amount"
      type="text"
      value=""
    />
    <withStyles(SingleDatePicker)
      anchorDirection="left"
      customCloseIcon={null}
      customInputIcon={null}
      date={"1970-01-01T00:00:00.000Z"}
      daySize={39}
      disabled={false}
      displayFormat={[Function]}
      enableOutsideDays={false}
      firstDayOfWeek={null}
      focused={false}
      hideKeyboardShortcutsPanel={false}
      horizontalMargin={0}
      id="date"
      initialVisibleMonth={null}
      inputIconPosition="before"
      isDayBlocked={[Function]}
      isDayHighlighted={[Function]}
      isOutsideRange={[Function]}
      isRTL={false}
      keepOpenOnDateSelect={false}
      monthFormat="MMMM YYYY"
      navNext={null}
      navPrev={null}
      numberOfMonths={1}
      onClose={[Function]}
      onDateChange={[Function]}
      onFocusChange={[Function]}
      onNextMonthClick={[Function]}
      onPrevMonthClick={[Function]}
      openDirection="down"
      orientation="horizontal"
      phrases={
        Object {
          "calendarLabel": "Calendar",
          "chooseAvailableDate": [Function],
          "clearDate": "Clear Date",
          "closeDatePicker": "Close",
          "dateIsUnavailable": [Function],
          "enterKey": "Enter key",
          "escape": "Escape key",
          "hideKeyboardShortcutsPanel": "Close the shortcuts panel",
          "homeEnd": "Home and end keys",
          "jumpToNextMonth": "Move forward to switch to the next month",
          "jumpToPrevMonth": "Move backward to switch to the previous month",
          "keyboardNavigationInstructions": "Press the down arrow key to interact with the calendar and
          select a date. Press the question mark key to get the keyboard shortcuts for changing dates.",
          "keyboardShortcuts": "Keyboard Shortcuts",
          "leftArrowRightArrow": "Right and left arrow keys",
          "moveFocusByOneDay": "Move backward (left) and forward (right) by one day",
          "moveFocusByOneMonth": "Switch months",
          "moveFocusByOneWeek": "Move backward (up) and forward (down) by one week",
          "moveFocustoStartAndEndOfWeek": "Go to the first or last day of a week",
          "openThisPanel": "Open this panel",
          "pageUpPageDown": "page up and page down keys",
          "questionMark": "Question mark",
          "returnFocusToInput": "Return to the date input field",
          "selectFocusedDate": "Select the date in focus",
          "showKeyboardShortcutsPanel": "Open the keyboard shortcuts panel",
          "upArrowDownArrow": "up and down arrow keys",
        }
      }
      placeholder="Date"
      readOnly={false}
      renderCalendarInfo={null}
      renderDay={null}
      renderMonth={null}
      reopenPickerOnClearDate={false}
      required={false}
      screenReaderInputMessage=""
      showClearDate={false}
      showDefaultInputIcon={false}
      verticalHeight={null}
      weekDayFormat="dd"
      withFullScreenPortal={false}
      withPortal={false}
    />
    <textarea
      onChange={[Function]}
      placeholder="Add a note for your expense (optional)"
      value=""
    />
    <button
      type="Submit"
    >
      Add Expense
    </button>
  </form>
</div>
`;

exports[`should render error for invalid form submission 2`] = `
<div>
  <p>
    Please provide description and amount.
  </p>
  <form
    action=""
    onSubmit={[Function]}
  >
    <input
      autoFocus={true}
      onChange={[Function]}
      placeholder="Description"
      type="text"
      value=""
    />
    <input
      onChange={[Function]}
      placeholder="Amount"
      type="text"
      value=""
    />
    <withStyles(SingleDatePicker)
      anchorDirection="left"
      customCloseIcon={null}
      customInputIcon={null}
      date={"1970-01-01T00:00:00.000Z"}
      daySize={39}
      disabled={false}
      displayFormat={[Function]}
      enableOutsideDays={false}
      firstDayOfWeek={null}
      focused={false}
      hideKeyboardShortcutsPanel={false}
      horizontalMargin={0}
      id="date"
      initialVisibleMonth={null}
      inputIconPosition="before"
      isDayBlocked={[Function]}
      isDayHighlighted={[Function]}
      isOutsideRange={[Function]}
      isRTL={false}
      keepOpenOnDateSelect={false}
      monthFormat="MMMM YYYY"
      navNext={null}
      navPrev={null}
      numberOfMonths={1}
      onClose={[Function]}
      onDateChange={[Function]}
      onFocusChange={[Function]}
      onNextMonthClick={[Function]}
      onPrevMonthClick={[Function]}
      openDirection="down"
      orientation="horizontal"
      phrases={
        Object {
          "calendarLabel": "Calendar",
          "chooseAvailableDate": [Function],
          "clearDate": "Clear Date",
          "closeDatePicker": "Close",
          "dateIsUnavailable": [Function],
          "enterKey": "Enter key",
          "escape": "Escape key",
          "hideKeyboardShortcutsPanel": "Close the shortcuts panel",
          "homeEnd": "Home and end keys",
          "jumpToNextMonth": "Move forward to switch to the next month",
          "jumpToPrevMonth": "Move backward to switch to the previous month",
          "keyboardNavigationInstructions": "Press the down arrow key to interact with the calendar and
          select a date. Press the question mark key to get the keyboard shortcuts for changing dates.",
          "keyboardShortcuts": "Keyboard Shortcuts",
          "leftArrowRightArrow": "Right and left arrow keys",
          "moveFocusByOneDay": "Move backward (left) and forward (right) by one day",
          "moveFocusByOneMonth": "Switch months",
          "moveFocusByOneWeek": "Move backward (up) and forward (down) by one week",
          "moveFocustoStartAndEndOfWeek": "Go to the first or last day of a week",
          "openThisPanel": "Open this panel",
          "pageUpPageDown": "page up and page down keys",
          "questionMark": "Question mark",
          "returnFocusToInput": "Return to the date input field",
          "selectFocusedDate": "Select the date in focus",
          "showKeyboardShortcutsPanel": "Open the keyboard shortcuts panel",
          "upArrowDownArrow": "up and down arrow keys",
        }
      }
      placeholder="Date"
      readOnly={false}
      renderCalendarInfo={null}
      renderDay={null}
      renderMonth={null}
      reopenPickerOnClearDate={false}
      required={false}
      screenReaderInputMessage=""
      showClearDate={false}
      showDefaultInputIcon={false}
      verticalHeight={null}
      weekDayFormat="dd"
      withFullScreenPortal={false}
      withPortal={false}
    />
    <textarea
      onChange={[Function]}
      placeholder="Add a note for your expense (optional)"
      value=""
    />
    <button
      type="Submit"
    >
      Add Expense
    </button>
  </form>
</div>
`;
