// Jest Snapshot v1, https://goo.gl/fbAQLP

exports[`should render Header component 1`] = `
<header>
  <span>
    Expensify
  </span>
   |
  <NavLink
    activeClassName="is-active"
    ariaCurrent="true"
    exact={true}
    to="/"
  >
    Home
  </NavLink>
   |
  <NavLink
    activeClassName="is-active"
    ariaCurrent="true"
    to="/create"
  >
    Create
  </NavLink>
   |
  <NavLink
    activeClassName="is-active"
    ariaCurrent="true"
    to="/help"
  >
    Help
  </NavLink>
   |
  <button
    onClick={[Function]}
  >
    Logout
  </button>
</header>
`;
